=== Card Processing Log - 2025-04-21 08:45:51 ===

[2025-04-21 08:46:48] Ill-Tempered Loner (Innistrad: Crimson Vow): SUCCESS
[2025-04-21 08:46:53] Ashcloud Phoenix (Khans of Tarkir): SUCCESS
[2025-04-21 08:46:53] Breaking (Dragon's Maze Promos): FOIL
[2025-04-21 08:47:01] Skybind (Journey into Nyx): SUCCESS
[2025-04-21 08:47:07] Rout (Conspiracy): SUCCESS
[2025-04-21 08:47:08] Drogskol Cavalry (Shadows over Innistrad): FOIL
[2025-04-21 08:47:13] Lifecrafter's Bestiary (Aether Revolt): SUCCESS
[2025-04-21 08:47:19] Sin Prodder (Shadows over Innistrad): SUCCESS
[2025-04-21 08:47:24] Verdurous Gearhulk (Kaladesh): SUCCESS
[2025-04-21 08:47:35] Castle Embereth (Throne of Eldraine): SUCCESS
[2025-04-21 08:47:40] Verdurous Gearhulk (The List Reprints): SUCCESS
[2025-04-21 08:47:46] Jadelight Ranger (Rivals of Ixalan): SUCCESS
[2025-04-21 08:47:51] Avatar of the Resolute (Dragons of Tarkir): SUCCESS
[2025-04-21 08:48:01] Dream Trawler (Theros Beyond Death): SUCCESS
[2025-04-21 08:48:10] Castle Vantress (Throne of Eldraine): SUCCESS
[2025-04-21 08:48:11] Witchbane Orb (Mystery Booster Retail Edition Foils): FOIL
[2025-04-21 08:48:16] Bring to Light (Battle for Zendikar): SUCCESS
[2025-04-21 08:48:22] Niblis of Frost (Eldritch Moon): SUCCESS
[2025-04-21 08:48:28] Shambling Vent (Battle for Zendikar): SUCCESS
[2025-04-21 08:48:33] Sultai Ascendancy (Khans of Tarkir): SUCCESS
[2025-04-21 08:48:39] Verdant Confluence (Commander 2015): SUCCESS
[2025-04-21 08:48:44] Collective Defiance (Eldritch Moon): SUCCESS
[2025-04-21 08:48:50] Kopala, Warden of Waves (Ixalan): SUCCESS
[2025-04-21 08:49:02] Utter End (All Magic): SEARCH_FAILED - Waiting for manual intervention
[2025-04-21 08:49:06] Utter End (All Magic): SKIPPED - User chose to skip
[2025-04-21 08:49:11] Reckless Impulse (Innistrad: Crimson Vow): SUCCESS
[2025-04-21 08:49:12] Necromentia (Core Set 2021): FOIL
[2025-04-21 08:49:17] Rally the Ancestors (Fate Reforged): SUCCESS
[2025-04-21 08:49:29] Kotose, the Silent Spider (Kamigawa: Neon Dynasty): SEARCH_FAILED - Waiting for manual intervention
[2025-04-21 08:49:46] Kotose, the Silent Spider (Kamigawa: Neon Dynasty): MANUAL_INTERVENTION - Proceeding after manual search
[2025-04-21 08:49:49] Kotose, the Silent Spider (Kamigawa: Neon Dynasty): SUCCESS
[2025-04-21 08:49:49] Rakshasa Vizier (Khans of Tarkir Promos): FOIL
[2025-04-21 08:50:05] Whispers of the Muse (Time Spiral Timeshifted): SEARCH_FAILED - Waiting for manual intervention
[2025-04-21 08:50:12] Whispers of the Muse (Time Spiral Timeshifted): MANUAL_INTERVENTION - Proceeding after manual search
[2025-04-21 08:50:15] Whispers of the Muse (Time Spiral Timeshifted): SUCCESS
[2025-04-21 08:50:16] Spined Sliver (Time Spiral Timeshifted): SEARCH_FAILED - Waiting for manual intervention
[2025-04-21 08:50:34] Spined Sliver (Time Spiral Timeshifted): SKIPPED - User chose to skip
[2025-04-21 08:50:39] Warden of the First Tree (Fate Reforged): SUCCESS
[2025-04-21 08:50:44] Commit (Amonkhet): SUCCESS
[2025-04-21 08:50:44] Spike Jester (Dragon's Maze): FOIL
[2025-04-21 08:50:49] Fathom Mage (Gatecrash): SUCCESS
[2025-04-21 08:50:55] Tolsimir, Friend to Wolves (War of the Spark): SUCCESS
[2025-04-21 08:50:55] Lochmere Serpent (Throne of Eldraine): FOIL
[2025-04-21 08:51:00] Imposing Sovereign (Magic 2014 (M14)): SUCCESS
[2025-04-21 08:51:05] Harsh Mentor (Amonkhet): SUCCESS
[2025-04-21 08:51:11] Electrostatic Pummeler (Kaladesh): SUCCESS
[2025-04-21 08:51:16] Dig Up (The List Reprints): SUCCESS
[2025-04-21 08:51:24] Hydra Broodmaster (Journey into Nyx): SUCCESS
[2025-04-21 08:51:29] Meglonoth (Conflux): SUCCESS
[2025-04-21 08:51:29] Rampant Growth (Commander 2015): SEARCH_FAILED - Waiting for manual intervention
[2025-04-21 08:51:37] Rampant Growth (Commander 2015): SKIPPED - User chose to skip
[2025-04-21 08:51:42] Talrand, Sky Summoner (Commander 2015): SUCCESS
[2025-04-21 08:51:48] Moldgraf Monstrosity (Innistrad): SUCCESS
[2025-04-21 08:51:53] Ruric Thar, the Unbowed (Dragon's Maze): SUCCESS
[2025-04-21 08:51:54] Murder (Core Set 2019 Promos): FOIL
[2025-04-21 08:52:06] Nightmare Shepherd (Theros Beyond Death): SUCCESS
[2025-04-21 08:52:11] Ajani's Chosen (Magic 2014 (M14)): SUCCESS
[2025-04-21 08:52:17] Elvish Mystic (Magic 2014 (M14)): SUCCESS
[2025-04-21 08:52:22] Oath of Liliana (Eldritch Moon): SUCCESS
[2025-04-21 08:52:28] Reflector Mage (Oath of the Gatewatch): SUCCESS
[2025-04-21 08:52:33] Underworld Connections (Return to Ravnica): SUCCESS
[2025-04-21 08:52:39] Crackling Doom (Khans of Tarkir): SUCCESS
[2025-04-21 08:52:45] Pelt Collector (Guilds of Ravnica): SUCCESS
[2025-04-21 08:52:51] Loaming Shaman (Commander 2015): SUCCESS
[2025-04-21 08:52:59] Extinguish All Hope (Journey into Nyx): SUCCESS
[2025-04-21 08:53:05] Thelonite Hermit (Time Spiral): SUCCESS
[2025-04-21 08:53:05] Deathbringer Regent (Dragons of Tarkir Promos): FOIL
[2025-04-21 08:53:10] Witchstalker (Magic 2014 (M14)): SUCCESS
[2025-04-21 08:53:16] Never (Amonkhet): SUCCESS
[2025-04-21 08:53:22] Biomantic Mastery (Commander 2015): SUCCESS
[2025-04-21 08:53:27] Guardian Idol (Fifth Dawn): SUCCESS
[2025-04-21 08:53:33] Radiant Destiny (Rivals of Ixalan): SUCCESS
[2025-04-21 08:53:38] Izoni, Thousand-Eyed (Guilds of Ravnica): SUCCESS
[2025-04-21 08:53:44] Gutter Grime (Innistrad): SUCCESS
[2025-04-21 08:53:49] Wandering Fumarole (Oath of the Gatewatch): SUCCESS
[2025-04-21 08:53:55] Myr Battlesphere (Scars of Mirrodin): SUCCESS
[2025-04-21 08:54:06] Sprite Dragon (Ikoria: Lair of Behemoths): SUCCESS
[2025-04-21 08:54:07] Akroan Hoplite (Conspiracy: Take the Crown): FOIL
[2025-04-21 08:54:12] Redirect (Magic 2011 (M11)): SUCCESS
[2025-04-21 08:54:18] Cold-Eyed Selkie (Commander 2015): SUCCESS
[2025-04-21 08:54:23] Scytheclaw (Commander 2015): SUCCESS
[2025-04-21 08:54:29] Mantis Rider (Khans of Tarkir): SUCCESS
[2025-04-21 08:54:35] Irrigated Farmland (Amonkhet): SUCCESS
[2025-04-21 08:54:40] Torgaar, Famine Incarnate (Dominaria): SUCCESS
[2025-04-21 08:54:46] Rending Volley (Dragons of Tarkir): SUCCESS
[2025-04-21 08:54:52] White Sun's Zenith (Mirrodin Besieged): SUCCESS
[2025-04-21 08:54:57] Grindclock (Scars of Mirrodin): SUCCESS
[2025-04-21 08:55:03] Naban, Dean of Iteration (Dominaria): SUCCESS
[2025-04-21 08:55:08] Temple of Malice (Born of the Gods): SUCCESS
[2025-04-21 08:55:09] Noosegraf Mob (Eldritch Moon): SEARCH_FAILED - Waiting for manual intervention
[2025-04-21 08:55:27] Noosegraf Mob (Eldritch Moon): SKIPPED - User chose to skip
[2025-04-21 08:55:32] Midnight Reaper (Guilds of Ravnica): SUCCESS
[2025-04-21 08:55:37] Monastery Swiftspear (Khans of Tarkir): SUCCESS
[2025-04-21 08:55:38] Reap Intellect (Dragon's Maze): SEARCH_FAILED - Waiting for manual intervention
[2025-04-21 08:55:50] Reap Intellect (Dragon's Maze): SKIPPED - User chose to skip
[2025-04-21 08:55:55] The Akroan War (Theros Beyond Death): SUCCESS
[2025-04-21 08:56:00] Baral's Expertise (Aether Revolt): SUCCESS
[2025-04-21 08:56:01] Dragonrage (Fate Reforged): FOIL
[2025-04-21 08:56:06] Spikefield Hazard (Zendikar Rising): SUCCESS
[2025-04-21 08:56:17] Bonecrusher Giant (Throne of Eldraine): SUCCESS
[2025-04-21 08:56:22] Peacewalker Colossus (Aether Revolt): SUCCESS
[2025-04-21 08:56:28] Ankle Shanker (Khans of Tarkir): SUCCESS
[2025-04-21 08:56:33] Arbor Elf (Worldwake): SUCCESS
[2025-04-21 08:56:39] Yahenni's Expertise (Aether Revolt): SUCCESS
[2025-04-21 08:56:44] Emrakul's Evangel (Eldritch Moon): SUCCESS
[2025-04-21 08:56:55] Vizier of Many Faces (Amonkhet): SUCCESS
[2025-04-21 08:57:01] Endbringer (Oath of the Gatewatch): SUCCESS
[2025-04-21 08:57:01] Clash of Wills (Friday Night Magic 2016): FOIL
[2025-04-21 08:57:06] Asylum Visitor (Shadows over Innistrad): SUCCESS
[2025-04-21 08:57:12] Shaman of the Pack (Magic Origins): SUCCESS
[2025-04-21 08:57:12] Struggle (Hour of Devastation): FOIL
[2025-04-21 08:57:18] Ulvenwald Observer (Eldritch Moon): SUCCESS
[2025-04-21 08:57:23] Languish (Magic Origins): SUCCESS
[2025-04-21 08:57:29] Mosswort Bridge (Commander 2015): SUCCESS
[2025-04-21 08:57:34] Kamahl, Pit Fighter (10th Edition): SUCCESS
[2025-04-21 08:57:40] Breaking (Dragon's Maze): SUCCESS
[2025-04-21 08:57:40] Invoke Despair (Kamigawa: Neon Dynasty): FOIL
[2025-04-21 08:57:41] Racecourse Fury (Return to Ravnica): FOIL
[2025-04-21 08:57:46] Epiphany at the Drownyard (Shadows over Innistrad): SUCCESS
[2025-04-21 08:57:51] Casualties of War (War of the Spark): SUCCESS
[2025-04-21 08:57:52] Reclusive Artificer (Magic Origins): FOIL
[2025-04-21 08:57:57] Wharf Infiltrator (Eldritch Moon): SUCCESS
[2025-04-21 08:58:03] Lupine Prototype (Eldritch Moon): SUCCESS
[2025-04-21 08:58:08] Titania's Chosen (Urza's Saga): SUCCESS
[2025-04-21 08:58:14] Treacherous Pit-Dweller (Avacyn Restored): SUCCESS
[2025-04-21 08:58:19] Deathbringer Regent (Dragons of Tarkir): SUCCESS
[2025-04-21 08:58:25] Skylasher (Dragon's Maze): SUCCESS
[2025-04-21 08:58:31] Collective Effort (Eldritch Moon): SUCCESS
[2025-04-21 08:58:31] Unlicensed Disintegration (Friday Night Magic 2017): FOIL
[2025-04-21 08:58:36] Vivid Creek (Commander 2015): SUCCESS
[2025-04-21 08:58:37] Spirited Companion (Kamigawa: Neon Dynasty): FOIL
[2025-04-21 08:58:42] Drake Haven (Amonkhet): SUCCESS
[2025-04-21 08:58:57] Woe Strider (Theros Beyond Death): SUCCESS
[2025-04-21 08:59:06] Champion of Dusk (Rivals of Ixalan): SUCCESS
[2025-04-21 08:59:12] Traxos, Scourge of Kroog (Dominaria): SUCCESS
[2025-04-21 08:59:19] Temple of Plenty (Born of the Gods): SUCCESS
[2025-04-21 08:59:24] Llanowar Reborn (Commander 2015): SUCCESS
[2025-04-21 08:59:30] Pontiff of Blight (Dragon's Maze): SUCCESS
[2025-04-21 08:59:30] Goblin Test Pilot (Dragon's Maze): FOIL
[2025-04-21 08:59:35] Dynavolt Tower (Kaladesh): SUCCESS
[2025-04-21 08:59:48] Plains (Zendikar): SEARCH_FAILED - Waiting for manual intervention
[2025-04-21 08:59:58] Plains (Zendikar): SKIPPED - User chose to skip
[2025-04-21 09:00:05] Ojutai's Command (Dragons of Tarkir): SUCCESS
[2025-04-21 09:00:10] Alms of the Vein (Shadows over Innistrad): SUCCESS
[2025-04-21 09:00:15] Temple of Triumph (Theros): SUCCESS
[2025-04-21 09:00:21] Novijen, Heart of Progress (Commander 2015): SUCCESS
[2025-04-21 09:00:21] Pilfered Plans (Dragon's Maze): FOIL
[2025-04-21 09:00:27] Commence the Endgame (War of the Spark): SUCCESS
[2025-04-21 09:00:27] Time Wipe (All Magic): FOIL
[2025-04-21 09:00:32] Precursor Golem (Scars of Mirrodin): SUCCESS
[2025-04-21 09:00:41] Eruth, Tormented Prophet (Innistrad: Crimson Vow): SUCCESS
[2025-04-21 09:00:47] Hoard-Smelter Dragon (Scars of Mirrodin): SUCCESS
[2025-04-21 09:00:52] Elder Deep-Fiend (Eldritch Moon): SUCCESS
[2025-04-21 09:00:58] Stone Haven Outfitter (Oath of the Gatewatch): SUCCESS
[2025-04-21 09:01:03] Genesis Hydra (Magic 2015 (M15)): SUCCESS
[2025-04-21 09:01:04] Inspiring Cleric (Ixalan): FOIL
[2025-04-21 09:01:09] Ever After (Shadows over Innistrad): SUCCESS
[2025-04-21 09:01:15] Temple of Malady (Core Set 2020): SUCCESS
[2025-04-21 09:01:21] Firemane Avenger (Gatecrash): SUCCESS
[2025-04-21 09:01:26] Mystical Dispute (Throne of Eldraine): SUCCESS
[2025-04-21 09:01:27] Rise from the Tides (Friday Night Magic 2016): FOIL
[2025-04-21 09:01:32] Agent of the Fates (Theros): SUCCESS
[2025-04-21 09:01:37] Den Protector (Dragons of Tarkir): SUCCESS
[2025-04-21 09:01:38] Brute Strength (Oath of the Gatewatch): FOIL
[2025-04-21 09:01:54] Nightmare Token (Theros Beyond Death Tokens): SEARCH_FAILED - Waiting for manual intervention
[2025-04-21 09:02:14] Nightmare Token (Theros Beyond Death Tokens): SKIPPED - User chose to skip
[2025-04-21 09:02:20] Feed the Swarm (Commander Legends: Battle for Baldur's Gate): SUCCESS
[2025-04-21 09:02:20] Mizzium Meddler (Magic Origins Promos): FOIL
[2025-04-21 09:02:25] Archon of Justice (Magic 2012 (M12)): SUCCESS
[2025-04-21 09:02:31] Gruul Turf (Guildpact): SUCCESS
[2025-04-21 09:02:36] Deafening Clarion (Guilds of Ravnica): SUCCESS
[2025-04-21 09:02:41] Temple of Epiphany (Core Set 2020): SUCCESS
[2025-04-21 09:02:42] Packsong Pup (Innistrad: Crimson Vow): FOIL
[2025-04-21 09:02:47] Vault Skirge (New Phyrexia): SUCCESS
[2025-04-21 09:02:52] Dimensional Infiltrator (Oath of the Gatewatch): SUCCESS
[2025-04-21 09:02:57] Thelonite Hermit (Commander 2015): SUCCESS
[2025-04-21 09:03:02] Bomat Courier (Kaladesh): SUCCESS
[2025-04-21 09:03:08] Young Pyromancer (Eternal Masters): SUCCESS
[2025-04-21 09:03:13] Ghostfire Blade (Khans of Tarkir): SUCCESS
[2025-04-21 09:03:18] Biomass Mutation (The List Reprints): SUCCESS
[2025-04-21 09:03:23] Scab-Clan Berserker (Magic Origins): SUCCESS
[2025-04-21 09:03:29] Synthetic Destiny (Commander 2015): SUCCESS
[2025-04-21 09:03:34] Summary Dismissal (Eldritch Moon): SUCCESS
[2025-04-21 09:03:39] Release the Gremlins (Aether Revolt): SUCCESS
[2025-04-21 09:03:47] Protean Thaumaturge (Theros Beyond Death): SUCCESS
[2025-04-21 09:03:53] Curse of the Swine (Theros): SUCCESS
[2025-04-21 09:03:58] Ruins of Oran-Rief (Oath of the Gatewatch): SUCCESS
[2025-04-21 09:04:04] Eldrazi Obligator (Oath of the Gatewatch): SUCCESS
[2025-04-21 09:04:05] Nemata, Grove Guardian (The List Reprints): SEARCH_FAILED - Waiting for manual intervention
[2025-04-21 09:05:00] Nemata, Grove Guardian (The List Reprints): MANUAL_INTERVENTION - Proceeding after manual search
[2025-04-21 09:05:03] Nemata, Grove Guardian (The List Reprints): SUCCESS
[2025-04-21 09:05:08] Temple of Silence (Theros): SUCCESS
[2025-04-21 09:05:13] Tormod's Crypt (Magic 2013 (M13)): SUCCESS
[2025-04-21 09:05:19] Cindervines (Ravnica Allegiance): SUCCESS
[2025-04-21 09:05:24] The Antiquities War (The List Reprints): SUCCESS
[2025-04-21 09:05:29] Flamewake Phoenix (Fate Reforged): SUCCESS
[2025-04-21 09:05:34] Gaze of Granite (Dragon's Maze): SUCCESS
[2025-04-21 09:05:40] Ancient Craving (Duel Decks: Sorin vs. Tibalt): SUCCESS
[2025-04-21 09:05:53] Commit (New Capenna Commander): SEARCH_FAILED - Waiting for manual intervention
[2025-04-21 09:06:52] Commit (New Capenna Commander): SKIPPED - User chose to skip
[2025-04-21 09:06:57] Gifted Aetherborn (Aether Revolt): SUCCESS
[2025-04-21 09:07:02] Necromancer's Stockpile (Magic 2015 (M15)): SUCCESS
[2025-04-21 09:07:12] Fervent Champion (Throne of Eldraine): SUCCESS
[2025-04-21 09:07:17] From Under the Floorboards (Shadows over Innistrad): SUCCESS
[2025-04-21 09:07:17] Magma Spray (Amonkhet): FOIL
[2025-04-21 09:07:23] Lumbering Falls (Battle for Zendikar): SUCCESS
[2025-04-21 09:07:28] Sphinx of Foresight (Ravnica Allegiance): SUCCESS
[2025-04-21 09:07:34] Blight Herder (Battle for Zendikar): SUCCESS
[2025-04-21 09:07:40] Hellion Crucible (Magic 2013 (M13)): SUCCESS
[2025-04-21 09:07:45] Aetherling (Dragon's Maze): SUCCESS
[2025-04-21 09:07:57] Plains (Zendikar): SEARCH_FAILED - Waiting for manual intervention
[2025-04-21 09:08:06] Plains (Zendikar): SKIPPED - User chose to skip
[2025-04-21 09:08:11] Unmoored Ego (Guilds of Ravnica): SUCCESS
[2025-04-21 09:08:23] Thassa's Intervention (Theros Beyond Death): SEARCH_FAILED - Waiting for manual intervention
[2025-04-21 09:09:05] Thassa's Intervention (Theros Beyond Death): MANUAL_INTERVENTION - Proceeding after manual search
[2025-04-21 09:09:08] Thassa's Intervention (Theros Beyond Death): SUCCESS
[2025-04-21 09:09:14] Neheb, the Worthy (Amonkhet): SUCCESS
[2025-04-21 09:09:19] Skullcrack (Gatecrash): SUCCESS
[2025-04-21 09:09:19] Olivia's Attendants (Innistrad: Crimson Vow): SEARCH_FAILED - Waiting for manual intervention
[2025-04-21 09:10:33] Olivia's Attendants (Innistrad: Crimson Vow): MANUAL_INTERVENTION - Proceeding after manual search
[2025-04-21 09:10:36] Olivia's Attendants (Innistrad: Crimson Vow): SUCCESS
[2025-04-21 09:10:47] Champion of Wits (Hour of Devastation): SUCCESS
[2025-04-21 09:10:52] Storrev, Devkarin Lich (War of the Spark): SUCCESS
[2025-04-21 09:10:53] Irontread Crusher (Aether Revolt): FOIL
[2025-04-21 09:10:53] Rallying Roar (Ixalan): FOIL
[2025-04-21 09:10:58] Xathrid Necromancer (Magic 2014 (M14)): SUCCESS
[2025-04-21 09:11:04] Sunscorched Desert (Amonkhet): SUCCESS
[2025-04-21 09:11:09] Secluded Courtyard (Kamigawa: Neon Dynasty): SUCCESS
[2025-04-21 09:11:15] Precinct Captain (Return to Ravnica): SUCCESS
[2025-04-21 09:11:21] Play with Fire (Innistrad: Midnight Hunt): SUCCESS
[2025-04-21 09:11:26] Bearer of Silence (Oath of the Gatewatch): SUCCESS
[2025-04-21 09:11:32] Reverent Hunter (Theros): SUCCESS
[2025-04-21 09:11:44] Oath of Gideon (Oath of the Gatewatch): SEARCH_FAILED - Waiting for manual intervention
[2025-04-21 09:51:30] Oath of Gideon (Oath of the Gatewatch): MANUAL_INTERVENTION - Proceeding after manual search
[2025-04-21 09:51:33] Oath of Gideon (Oath of the Gatewatch): SUCCESS
[2025-04-21 09:51:39] Oath of Chandra (Oath of the Gatewatch): SUCCESS
[2025-04-21 09:51:44] Oath of Kaya (War of the Spark): SUCCESS
[2025-04-21 09:51:49] Firemind's Research (Guilds of Ravnica): SUCCESS
[2025-04-21 09:51:54] Arbor Colossus (Commander 2015): SUCCESS
[2025-04-21 09:51:59] Pestilence (Revised Edition): SUCCESS
[2025-04-21 09:52:05] Drownyard Temple (Shadows over Innistrad): SUCCESS
[2025-04-21 09:52:10] Nettle Sentinel (Eventide): SUCCESS
[2025-04-21 09:52:15] Stromkirk Condemned (Eldritch Moon): SUCCESS
[2025-04-21 09:52:20] Simic Signet (Commander 2015): SUCCESS
[2025-04-21 09:52:26] Profound Journey (Dragons of Tarkir): SUCCESS
[2025-04-21 09:52:31] Distended Mindbender (Eldritch Moon): SUCCESS
[2025-04-21 09:52:46] Tenacious Underdog (Streets of New Capenna): SUCCESS
[2025-04-21 09:52:51] Exava, Rakdos Blood Witch (Dragon's Maze): SUCCESS
[2025-04-21 09:52:58] Fathom Feeder (Battle for Zendikar): SUCCESS
[2025-04-21 09:53:04] Dust Stalker (Battle for Zendikar): SUCCESS
[2025-04-21 09:53:14] Earthshaker Khenra (Hour of Devastation): SUCCESS
[2025-04-21 09:53:20] Llanowar Elves (Magic 2011 (M11)): SUCCESS
[2025-04-21 09:53:26] Nighthowler (Theros): SUCCESS
[2025-04-21 09:53:31] Nighthowler (Commander Legends: Battle for Baldur's Gate): SUCCESS
[2025-04-21 09:53:37] Temple of Triumph (Core Set 2020): SUCCESS
[2025-04-21 09:53:42] Harness the Storm (Shadows over Innistrad): SUCCESS
[2025-04-21 09:53:48] Murderous Cut (Khans of Tarkir): SUCCESS
[2025-04-21 09:53:58] Winding Constrictor (Aether Revolt): SUCCESS
[2025-04-21 09:54:11] Opt (Strixhaven Mystical Archive): SEARCH_FAILED - Waiting for manual intervention
[2025-04-21 09:54:57] Opt (Strixhaven Mystical Archive): MANUAL_INTERVENTION - Proceeding after manual search
[2025-04-21 09:55:00] Opt (Strixhaven Mystical Archive): SUCCESS
[2025-04-21 09:55:01] Lathnu Hellion (Kaladesh): SEARCH_FAILED - Waiting for manual intervention
[2025-04-21 09:55:15] Lathnu Hellion (Kaladesh): MANUAL_INTERVENTION - Proceeding after manual search
[2025-04-21 09:55:18] Lathnu Hellion (Kaladesh): SUCCESS
[2025-04-21 09:55:24] Aethergeode Miner (Aether Revolt): SUCCESS
[2025-04-21 09:55:32] Storm's Wrath (Theros Beyond Death): SUCCESS
[2025-04-21 09:55:38] Solar Blaze (War of the Spark): SUCCESS
[2025-04-21 09:55:47] Temple of Abandon (Theros Beyond Death): SUCCESS
[2025-04-21 09:55:53] Corrupted Grafstone (Shadows over Innistrad): SUCCESS
[2025-04-21 09:55:58] Ground Seal (Magic 2013 (M13)): SUCCESS
[2025-04-21 09:56:04] Dark Intimations (Aether Revolt): SUCCESS
[2025-04-21 09:56:10] Aethersphere Harvester (Aether Revolt): SUCCESS
[2025-04-21 09:56:15] Outpost Siege (Fate Reforged): SUCCESS
[2025-04-21 09:56:21] Gonti, Lord of Luxury (Kaladesh): SUCCESS
[2025-04-21 09:56:33] Mountain (Innistrad: Crimson Vow): SUCCESS
[2025-04-21 09:56:40] Aryel, Knight of Windgrace (Dominaria): SUCCESS
[2025-04-21 09:56:46] Vivid Grove (Commander 2015): SUCCESS
[2025-04-21 09:56:52] Shifting Ceratops (Core Set 2020): SUCCESS
[2025-04-21 09:56:57] Wasteland Strangler (Battle for Zendikar): SUCCESS
[2025-04-21 09:57:03] Spark Trooper (Gatecrash): SUCCESS
[2025-04-21 09:57:08] Bygone Bishop (Shadows over Innistrad): SUCCESS
[2025-04-21 09:57:19] Incorrigible Youths (Shadows over Innistrad Promos): SUCCESS
[2025-04-21 09:57:24] Myth Realized (Dragons of Tarkir): SUCCESS
[2025-04-21 09:57:25] Voldaren Duelist (Shadows over Innistrad): FOIL
[2025-04-21 09:57:30] Seven Dwarves (Throne of Eldraine): SUCCESS
[2025-04-21 09:57:36] Call for Unity (Aether Revolt): SUCCESS
[2025-04-21 09:57:48] Temple of Deceit (Theros Beyond Death): SEARCH_FAILED - Waiting for manual intervention
[2025-04-21 09:59:36] Temple of Deceit (Theros Beyond Death): MANUAL_INTERVENTION - Proceeding after manual search
[2025-04-21 09:59:39] Temple of Deceit (Theros Beyond Death): SUCCESS
[2025-04-21 09:59:45] Daxos of Meletis (Theros): SUCCESS
[2025-04-21 09:59:45] Llanowar Elves (Magic 2012 (M12)): SEARCH_FAILED - Waiting for manual intervention
[2025-04-21 10:00:12] Llanowar Elves (Magic 2012 (M12)): SKIPPED - User chose to skip
[2025-04-21 10:00:17] Reckless Bushwhacker (Oath of the Gatewatch): SUCCESS
[2025-04-21 10:00:18] Tormod's Crypt (Commander 2014): SEARCH_FAILED - Waiting for manual intervention
[2025-04-21 10:00:38] Tormod's Crypt (Commander 2014): MANUAL_INTERVENTION - Proceeding after manual search
[2025-04-21 10:00:41] Tormod's Crypt (Commander 2014): SUCCESS
[2025-04-21 10:00:47] Pyreheart Wolf (Dark Ascension): SUCCESS
[2025-04-21 10:00:52] Advent of the Wurm (Dragon's Maze): SUCCESS
[2025-04-21 10:00:57] Alseid of Life's Bounty (Theros Beyond Death): SUCCESS
[2025-04-21 10:01:03] Soul Swallower (Shadows over Innistrad): SUCCESS
[2025-04-21 10:01:03] Treasury Thrull (Gatecrash): SEARCH_FAILED - Waiting for manual intervention
[2025-04-21 10:01:49] Treasury Thrull (Gatecrash): MANUAL_INTERVENTION - Proceeding after manual search
[2025-04-21 10:01:53] Treasury Thrull (Gatecrash): SUCCESS
[2025-04-21 10:01:58] Hornet Queen (Magic 2015 (M15)): SUCCESS
[2025-04-21 10:02:03] Rageblood Shaman (Theros): SUCCESS
[2025-04-21 10:02:09] Tablet of the Guilds (Return to Ravnica): SUCCESS
[2025-04-21 10:02:14] Inexorable Blob (Shadows over Innistrad): SUCCESS
[2025-04-21 10:02:19] Temple of Mystery (Core Set 2020): SUCCESS
[2025-04-21 10:02:24] Duneblast (Khans of Tarkir): SUCCESS
[2025-04-21 10:02:30] Anafenza, Kin-Tree Spirit (Dragons of Tarkir): SUCCESS
[2025-04-21 10:02:42] Snow-Covered Plains (Kaldheim): SEARCH_FAILED - Waiting for manual intervention
[2025-04-21 10:02:58] Snow-Covered Plains (Kaldheim): MANUAL_INTERVENTION - Proceeding after manual search
[2025-04-21 10:03:01] Snow-Covered Plains (Kaldheim): SUCCESS
[2025-04-21 10:03:06] Slaughter Games (Return to Ravnica): SUCCESS
[2025-04-21 10:03:06] Dying to Serve (Innistrad: Crimson Vow): SEARCH_FAILED - Waiting for manual intervention
[2025-04-21 10:03:38] Dying to Serve (Innistrad: Crimson Vow): MANUAL_INTERVENTION - Proceeding after manual search
[2025-04-21 10:03:41] Dying to Serve (Innistrad: Crimson Vow): SUCCESS
[2025-04-21 10:03:42] Eater of Virtue (Kamigawa: Neon Dynasty): SEARCH_FAILED - Waiting for manual intervention
[2025-04-21 10:04:34] Eater of Virtue (Kamigawa: Neon Dynasty): MANUAL_INTERVENTION - Proceeding after manual search
[2025-04-21 10:04:37] Eater of Virtue (Kamigawa: Neon Dynasty): SUCCESS
[2025-04-21 10:04:46] March of Wretched Sorrow (Kamigawa: Neon Dynasty): SUCCESS
[2025-04-21 10:04:51] Lotleth Troll (Return to Ravnica): SUCCESS
[2025-04-21 10:04:57] Sylvan Advocate (Oath of the Gatewatch): SUCCESS
[2025-04-21 10:05:03] Channeler Initiate (Amonkhet): SUCCESS
